Wejście: [1.0, 0.0, 0.0, 0.0]
Oczekiwane: [1.0, 0.0, 0.0, 0.0]
Wyjście mlp: [0.889, 0.064, 0.055]
Błąd wzorca: 0.00976080123354979
Błędy na wyjściach: [0.11128436084635507, -0.06372409865150176, -0.055467402581800086]
Szczegóły warstw (od wyjścia do wejścia):
  Warstwa: Wyjściowa
    Neuron 0: wyjście=0.8887, wagi=[-1.1367, 0.8288, 3.376, -2.1473, -2.5102]
    Neuron 1: wyjście=0.0637, wagi=[0.7842, -0.5137, -1.2051, -2.9108, 3.809]
    Neuron 2: wyjście=0.0555, wagi=[-3.7638, 0.8207, -1.0668, 3.0826, 0.8654]
  Warstwa: Ukryta 0
    Neuron 0: wyjście=0.4549, wagi=[-0.4705, 1.4222, -2.3845, 1.6905]
    Neuron 1: wyjście=0.5733, wagi=[0.5322, -0.5485, 0.7122, -0.8612]
    Neuron 2: wyjście=0.8842, wagi=[2.5131, -1.2126, -1.202, -0.8583]
    Neuron 3: wyjście=0.1364, wagi=[-1.7002, -2.0503, 2.7262, 0.7197]
    Neuron 4: wyjście=0.0613, wagi=[-2.3727, 2.7758, 0.4171, -1.0849]
----------------------------------------
Wejście: [0.0, 1.0, 0.0, 0.0]
Oczekiwane: [0.0, 1.0, 0.0, 0.0]
Wyjście mlp: [0.042, 0.881, 0.042]
Błąd wzorca: 0.008877172014756754
Błędy na wyjściach: [-0.04238938518615325, 0.11899091090279756, -0.04241046068573097]
Szczegóły warstw (od wyjścia do wejścia):
  Warstwa: Wyjściowa
    Neuron 0: wyjście=0.0424, wagi=[-1.1367, 0.8288, 3.376, -2.1473, -2.5102]
    Neuron 1: wyjście=0.8810, wagi=[0.7842, -0.5137, -1.2051, -2.9108, 3.809]
    Neuron 2: wyjście=0.0424, wagi=[-3.7638, 0.8207, -1.0668, 3.0826, 0.8654]
  Warstwa: Ukryta 0
    Neuron 0: wyjście=0.8471, wagi=[-0.4705, 1.4222, -2.3845, 1.6905]
    Neuron 1: wyjście=0.3132, wagi=[0.5322, -0.5485, 0.7122, -0.8612]
    Neuron 2: wyjście=0.1555, wagi=[2.5131, -1.2126, -1.202, -0.8583]
    Neuron 3: wyjście=0.1001, wagi=[-1.7002, -2.0503, 2.7262, 0.7197]
    Neuron 4: wyjście=0.9184, wagi=[-2.3727, 2.7758, 0.4171, -1.0849]
----------------------------------------
Wejście: [0.0, 0.0, 1.0, 0.0]
Oczekiwane: [0.0, 0.0, 1.0, 0.0]
Wyjście mlp: [0.058, 0.064, 0.892]
Błąd wzorca: 0.009510468164488119
Błędy na wyjściach: [-0.057720324102077024, -0.06397237038783593, 0.10768860822523874]
Szczegóły warstw (od wyjścia do wejścia):
  Warstwa: Wyjściowa
    Neuron 0: wyjście=0.0577, wagi=[-1.1367, 0.8288, 3.376, -2.1473, -2.5102]
    Neuron 1: wyjście=0.0640, wagi=[0.7842, -0.5137, -1.2051, -2.9108, 3.809]
    Neuron 2: wyjście=0.8923, wagi=[-3.7638, 0.8207, -1.0668, 3.0826, 0.8654]
  Warstwa: Ukryta 0
    Neuron 0: wyjście=0.1096, wagi=[-0.4705, 1.4222, -2.3845, 1.6905]
    Neuron 1: wyjście=0.6167, wagi=[0.5322, -0.5485, 0.7122, -0.8612]
    Neuron 2: wyjście=0.1568, wagi=[2.5131, -1.2126, -1.202, -0.8583]
    Neuron 3: wyjście=0.9296, wagi=[-1.7002, -2.0503, 2.7262, 0.7197]
    Neuron 4: wyjście=0.5154, wagi=[-2.3727, 2.7758, 0.4171, -1.0849]
----------------------------------------
Wejście: [0.0, 0.0, 0.0, 1.0]
Oczekiwane: [0.0, 0.0, 0.0, 1.0]
Wyjście mlp: [0.086, 0.088, 0.09]
Błąd wzorca: 0.011619862528739939
Błędy na wyjściach: [-0.08602591602427205, -0.0876077964850694, -0.09035563526806413]
Szczegóły warstw (od wyjścia do wejścia):
  Warstwa: Wyjściowa
    Neuron 0: wyjście=0.0860, wagi=[-1.1367, 0.8288, 3.376, -2.1473, -2.5102]
    Neuron 1: wyjście=0.0876, wagi=[0.7842, -0.5137, -1.2051, -2.9108, 3.809]
    Neuron 2: wyjście=0.0904, wagi=[-3.7638, 0.8207, -1.0668, 3.0826, 0.8654]
  Warstwa: Ukryta 0
    Neuron 0: wyjście=0.8787, wagi=[-0.4705, 1.4222, -2.3845, 1.6905]
    Neuron 1: wyjście=0.2501, wagi=[0.5322, -0.5485, 0.7122, -0.8612]
    Neuron 2: wyjście=0.2078, wagi=[2.5131, -1.2126, -1.202, -0.8583]
    Neuron 3: wyjście=0.6397, wagi=[-1.7002, -2.0503, 2.7262, 0.7197]
    Neuron 4: wyjście=0.1915, wagi=[-2.3727, 2.7758, 0.4171, -1.0849]
----------------------------------------

Średni błąd MSE: 0.009942075985383651
